#-----------------------------------------------------------
# Vivado v2022.2 (64-bit)
# SW Build 3671981 on Fri Oct 14 04:59:54 MDT 2022
# IP Build 3669848 on Fri Oct 14 08:30:02 MDT 2022
# Start of session at: Wed Feb  7 20:01:28 2024
# Process ID: 4485
# Current directory: /home/raincorn/pluto/plutosdr-fw/hdl/projects/tjd/tjd.runs/system_fir_interpolation_0_0_synth_1
# Command line: vivado -log system_fir_interpolation_0_0.vds -product Vivado -mode batch -messageDb vivado.pb -notrace -source system_fir_interpolation_0_0.tcl
# Log file: /home/raincorn/pluto/plutosdr-fw/hdl/projects/tjd/tjd.runs/system_fir_interpolation_0_0_synth_1/system_fir_interpolation_0_0.vds
# Journal file: /home/raincorn/pluto/plutosdr-fw/hdl/projects/tjd/tjd.runs/system_fir_interpolation_0_0_synth_1/vivado.jou
# Running On: ubuntu, OS: Linux, CPU Frequency: 3792.876 MHz, CPU Physical cores: 16, Host memory: 16723 MB
#-----------------------------------------------------------
source system_fir_interpolation_0_0.tcl -notrace
